mode: set
myMath/main.go:5.33,6.22 1 1
myMath/main.go:10.2,10.20 1 1
myMath/main.go:13.2,13.19 1 1
myMath/main.go:6.22,8.3 1 1
myMath/main.go:10.20,12.3 1 1
